2026-06-10 12:07:38,960 INFO o.a.j.u.JMeterUtils: Setting Locale to en_EN
2026-06-10 12:07:38,975 INFO o.a.j.JMeter: Loading user properties from: /opt/jmeter/bin/user.properties
2026-06-10 12:07:38,975 INFO o.a.j.JMeter: Loading system properties from: /opt/jmeter/bin/system.properties
2026-06-10 12:07:38,980 INFO o.a.j.JMeter: Copyright (c) 1998-2024 The Apache Software Foundation
2026-06-10 12:07:38,980 INFO o.a.j.JMeter: Version 5.6.3
2026-06-10 12:07:38,980 INFO o.a.j.JMeter: java.version=21.0.11
2026-06-10 12:07:38,980 INFO o.a.j.JMeter: java.vm.name=OpenJDK 64-Bit Server VM
2026-06-10 12:07:38,980 INFO o.a.j.JMeter: os.name=Linux
2026-06-10 12:07:38,980 INFO o.a.j.JMeter: os.arch=amd64
2026-06-10 12:07:38,980 INFO o.a.j.JMeter: os.version=6.14.0-37-generic
2026-06-10 12:07:38,980 INFO o.a.j.JMeter: file.encoding=UTF-8
2026-06-10 12:07:38,980 INFO o.a.j.JMeter: java.awt.headless=true
2026-06-10 12:07:38,980 INFO o.a.j.JMeter: Max memory     =1073741824
2026-06-10 12:07:38,980 INFO o.a.j.JMeter: Available Processors =12
2026-06-10 12:07:38,988 INFO o.a.j.JMeter: Default Locale=English (EN)
2026-06-10 12:07:38,988 INFO o.a.j.JMeter: JMeter  Locale=English (EN)
2026-06-10 12:07:38,988 INFO o.a.j.JMeter: JMeterHome=/opt/jmeter
2026-06-10 12:07:38,988 INFO o.a.j.JMeter: user.dir  =/home/nikita/MyProjects/MGTU/Sattelites/LoadTests
2026-06-10 12:07:38,988 INFO o.a.j.JMeter: PWD       =/home/nikita/MyProjects/MGTU/Sattelites/LoadTests
2026-06-10 12:07:38,988 INFO o.a.j.JMeter: IP: 127.0.1.1 Name: nikita-Katana-GF76-11UC FullName: nikita-Katana-GF76-11UC
2026-06-10 12:07:38,999 INFO o.a.j.JMeter: Setting property 'jmeter.reportgenerator.outputdir' to:'/home/nikita/MyProjects/MGTU/Sattelites/LoadTests/jmeter-report'
2026-06-10 12:07:39,002 INFO o.a.j.s.FileServer: Default base='/home/nikita/MyProjects/MGTU/Sattelites/LoadTests'
2026-06-10 12:07:39,003 INFO o.a.j.s.FileServer: Set new base='/home/nikita/MyProjects/MGTU/Sattelites/LoadTests'
2026-06-10 12:07:39,130 INFO o.a.j.s.SaveService: Testplan (JMX) version: 2.2. Testlog (JTL) version: 2.2
2026-06-10 12:07:39,151 INFO o.a.j.s.SaveService: Using SaveService properties version 5.0
2026-06-10 12:07:39,154 INFO o.a.j.s.SaveService: Using SaveService properties file encoding UTF-8
2026-06-10 12:07:39,156 INFO o.a.j.s.SaveService: Loading file: satellite_load_test.jmx
2026-06-10 12:07:39,195 INFO o.a.j.p.h.s.HTTPSamplerBase: Parser for text/html is org.apache.jmeter.protocol.http.parser.LagartoBasedHtmlParser
2026-06-10 12:07:39,195 INFO o.a.j.p.h.s.HTTPSamplerBase: Parser for application/xhtml+xml is org.apache.jmeter.protocol.http.parser.LagartoBasedHtmlParser
2026-06-10 12:07:39,195 INFO o.a.j.p.h.s.HTTPSamplerBase: Parser for application/xml is org.apache.jmeter.protocol.http.parser.LagartoBasedHtmlParser
2026-06-10 12:07:39,195 INFO o.a.j.p.h.s.HTTPSamplerBase: Parser for text/xml is org.apache.jmeter.protocol.http.parser.LagartoBasedHtmlParser
2026-06-10 12:07:39,195 INFO o.a.j.p.h.s.HTTPSamplerBase: Parser for text/vnd.wap.wml is org.apache.jmeter.protocol.http.parser.RegexpHTMLParser
2026-06-10 12:07:39,196 INFO o.a.j.p.h.s.HTTPSamplerBase: Parser for text/css is org.apache.jmeter.protocol.http.parser.CssParser
2026-06-10 12:07:39,221 INFO o.a.j.JMeter: Creating summariser <summary>
2026-06-10 12:07:39,225 INFO o.a.j.r.d.ReportGenerator: ReportGenerator will use for Parsing the separator: ','
2026-06-10 12:07:39,225 INFO o.a.j.r.d.ReportGenerator: Will generate report at end of test from  results file: results.jtl
2026-06-10 12:07:39,225 INFO o.a.j.r.d.ReportGenerator: Reading report generator properties from: /opt/jmeter/bin/reportgenerator.properties
2026-06-10 12:07:39,225 INFO o.a.j.r.d.ReportGenerator: Merging with JMeter properties
2026-06-10 12:07:39,228 INFO o.a.j.r.c.ReportGeneratorConfiguration: Property 'jmeter.reportgenerator.temp_dir' not found, using default value 'temp' instead.
2026-06-10 12:07:39,229 INFO o.a.j.r.c.ReportGeneratorConfiguration: Property 'jmeter.reportgenerator.apdex_per_transaction' not found, using default value 'null' instead.
2026-06-10 12:07:39,229 INFO o.a.j.r.c.ReportGeneratorConfiguration: apdex_per_transaction is empty, not APDEX per transaction customization
2026-06-10 12:07:39,229 INFO o.a.j.r.c.ReportGeneratorConfiguration: Property 'jmeter.reportgenerator.sample_filter' not found, using default value 'null' instead.
2026-06-10 12:07:39,230 INFO o.a.j.r.c.ReportGeneratorConfiguration: Property 'jmeter.reportgenerator.report_title' not found, using default value 'null' instead.
2026-06-10 12:07:39,230 INFO o.a.j.r.c.ReportGeneratorConfiguration: Property 'jmeter.reportgenerator.start_date' not found, using default value 'null' instead.
2026-06-10 12:07:39,230 INFO o.a.j.r.c.ReportGeneratorConfiguration: Property 'jmeter.reportgenerator.end_date' not found, using default value 'null' instead.
2026-06-10 12:07:39,230 INFO o.a.j.r.c.ReportGeneratorConfiguration: Property 'jmeter.reportgenerator.date_format' not found, using default value 'null' instead.
2026-06-10 12:07:39,230 INFO o.a.j.r.c.ReportGeneratorConfiguration: Will use date range start date: null, end date: null
2026-06-10 12:07:39,232 INFO o.a.j.r.c.ReportGeneratorConfiguration: Property 'jmeter.reportgenerator.graph.totalTPS.exclude_controllers' not found, using default value 'false' instead.
2026-06-10 12:07:39,233 INFO o.a.j.r.c.ReportGeneratorConfiguration: Property 'jmeter.reportgenerator.graph.activeThreadsOverTime.exclude_controllers' not found, using default value 'false' instead.
2026-06-10 12:07:39,233 INFO o.a.j.r.c.ReportGeneratorConfiguration: Property 'jmeter.reportgenerator.graph.timeVsThreads.exclude_controllers' not found, using default value 'false' instead.
2026-06-10 12:07:39,233 INFO o.a.j.r.c.ReportGeneratorConfiguration: Property 'jmeter.reportgenerator.graph.responseTimeDistribution.exclude_controllers' not found, using default value 'false' instead.
2026-06-10 12:07:39,233 INFO o.a.j.r.c.ReportGeneratorConfiguration: Property 'jmeter.reportgenerator.graph.transactionsPerSecond.exclude_controllers' not found, using default value 'false' instead.
2026-06-10 12:07:39,233 INFO o.a.j.r.c.ReportGeneratorConfiguration: Property 'jmeter.reportgenerator.graph.responseTimePercentiles.exclude_controllers' not found, using default value 'false' instead.
2026-06-10 12:07:39,233 INFO o.a.j.r.c.ReportGeneratorConfiguration: Property 'jmeter.reportgenerator.graph.responseTimePercentilesOverTime.exclude_controllers' not found, using default value 'false' instead.
2026-06-10 12:07:39,233 INFO o.a.j.r.c.ReportGeneratorConfiguration: Property 'jmeter.reportgenerator.graph.responseTimesOverTime.exclude_controllers' not found, using default value 'false' instead.
2026-06-10 12:07:39,233 INFO o.a.j.r.c.ReportGeneratorConfiguration: Property 'jmeter.reportgenerator.graph.connectTimeOverTime.exclude_controllers' not found, using default value 'false' instead.
2026-06-10 12:07:39,233 INFO o.a.j.r.c.ReportGeneratorConfiguration: Property 'jmeter.reportgenerator.graph.latenciesOverTime.exclude_controllers' not found, using default value 'false' instead.
2026-06-10 12:07:39,234 INFO o.a.j.r.c.ReportGeneratorConfiguration: Property 'jmeter.reportgenerator.exporter.json.filters_only_sample_series' not found, using default value 'true' instead.
2026-06-10 12:07:39,234 INFO o.a.j.r.c.ReportGeneratorConfiguration: Property 'jmeter.reportgenerator.exporter.json.series_filter' not found, using default value '' instead.
2026-06-10 12:07:39,234 INFO o.a.j.r.c.ReportGeneratorConfiguration: Property 'jmeter.reportgenerator.exporter.json.show_controllers_only' not found, using default value 'false' instead.
2026-06-10 12:07:39,234 INFO o.a.j.r.c.ReportGeneratorConfiguration: Property 'jmeter.reportgenerator.exporter.html.filters_only_sample_series' not found, using default value 'true' instead.
2026-06-10 12:07:39,234 INFO o.a.j.r.c.ReportGeneratorConfiguration: Property 'jmeter.reportgenerator.exporter.html.series_filter' not found, using default value '' instead.
2026-06-10 12:07:39,234 INFO o.a.j.r.c.ReportGeneratorConfiguration: Property 'jmeter.reportgenerator.exporter.html.show_controllers_only' not found, using default value 'false' instead.
2026-06-10 12:07:39,244 INFO o.a.j.e.StandardJMeterEngine: Running the test!
2026-06-10 12:07:39,244 INFO o.a.j.s.SampleEvent: List of sample_variables: []
2026-06-10 12:07:39,244 INFO o.a.j.s.SampleEvent: List of sample_variables: []
2026-06-10 12:07:39,247 INFO o.a.j.e.u.CompoundVariable: Note: Function class names must contain the string: '.functions.'
2026-06-10 12:07:39,247 INFO o.a.j.e.u.CompoundVariable: Note: Function class names must not contain the string: '.gui.'
2026-06-10 12:07:39,293 INFO o.a.j.JMeter: Running test (1781082459293)
2026-06-10 12:07:39,306 INFO o.a.j.e.StandardJMeterEngine: Starting ThreadGroup: 1 : Thread Group
2026-06-10 12:07:39,306 INFO o.a.j.e.StandardJMeterEngine: Starting 50 threads for group Thread Group.
2026-06-10 12:07:39,306 INFO o.a.j.e.StandardJMeterEngine: Thread will continue on error
2026-06-10 12:07:39,306 INFO o.a.j.t.ThreadGroup: Starting thread group... number=1 threads=50 ramp-up=30 delayedStart=false
2026-06-10 12:07:39,312 INFO o.a.j.s.SampleResult: Note: Sample TimeStamps are START times
2026-06-10 12:07:39,312 INFO o.a.j.s.SampleResult: sampleresult.default.encoding is set to UTF-8
2026-06-10 12:07:39,312 INFO o.a.j.s.SampleResult: sampleresult.useNanoTime=true
2026-06-10 12:07:39,312 INFO o.a.j.s.SampleResult: sampleresult.nanoThreadSleep=5000
2026-06-10 12:07:39,313 INFO o.a.j.t.JMeterThread: Thread started: Thread Group 1-1
2026-06-10 12:07:39,331 INFO o.a.j.p.h.s.HTTPHCAbstractImpl: Local host = nikita-Katana-GF76-11UC
2026-06-10 12:07:39,336 INFO o.a.j.t.ThreadGroup: Started thread group number 1
2026-06-10 12:07:39,336 INFO o.a.j.e.StandardJMeterEngine: All thread groups have been started
2026-06-10 12:07:39,337 INFO o.a.j.p.h.s.HTTPHC4Impl: HTTP request retry count = 0
2026-06-10 12:07:39,909 INFO o.a.j.t.JMeterThread: Thread started: Thread Group 1-2
2026-06-10 12:07:40,509 INFO o.a.j.t.JMeterThread: Thread started: Thread Group 1-3
2026-06-10 12:07:41,108 INFO o.a.j.t.JMeterThread: Thread started: Thread Group 1-4
2026-06-10 12:07:41,708 INFO o.a.j.t.JMeterThread: Thread started: Thread Group 1-5
2026-06-10 12:07:42,307 INFO o.a.j.t.JMeterThread: Thread started: Thread Group 1-6
2026-06-10 12:07:42,907 INFO o.a.j.t.JMeterThread: Thread started: Thread Group 1-7
2026-06-10 12:07:43,507 INFO o.a.j.t.JMeterThread: Thread started: Thread Group 1-8
2026-06-10 12:07:44,107 INFO o.a.j.t.JMeterThread: Thread started: Thread Group 1-9
2026-06-10 12:07:44,707 INFO o.a.j.t.JMeterThread: Thread started: Thread Group 1-10
2026-06-10 12:07:45,307 INFO o.a.j.t.JMeterThread: Thread started: Thread Group 1-11
2026-06-10 12:07:45,907 INFO o.a.j.t.JMeterThread: Thread started: Thread Group 1-12
2026-06-10 12:07:46,507 INFO o.a.j.t.JMeterThread: Thread started: Thread Group 1-13
2026-06-10 12:07:47,108 INFO o.a.j.t.JMeterThread: Thread started: Thread Group 1-14
2026-06-10 12:07:47,707 INFO o.a.j.t.JMeterThread: Thread started: Thread Group 1-15
2026-06-10 12:07:48,307 INFO o.a.j.t.JMeterThread: Thread started: Thread Group 1-16
2026-06-10 12:07:48,907 INFO o.a.j.t.JMeterThread: Thread started: Thread Group 1-17
2026-06-10 12:07:49,508 INFO o.a.j.t.JMeterThread: Thread started: Thread Group 1-18
2026-06-10 12:07:50,106 INFO o.a.j.t.JMeterThread: Thread started: Thread Group 1-19
2026-06-10 12:07:50,708 INFO o.a.j.t.JMeterThread: Thread started: Thread Group 1-20
2026-06-10 12:07:51,307 INFO o.a.j.t.JMeterThread: Thread started: Thread Group 1-21
2026-06-10 12:07:51,907 INFO o.a.j.t.JMeterThread: Thread started: Thread Group 1-22
2026-06-10 12:07:52,507 INFO o.a.j.t.JMeterThread: Thread started: Thread Group 1-23
2026-06-10 12:07:53,107 INFO o.a.j.t.JMeterThread: Thread started: Thread Group 1-24
2026-06-10 12:07:53,706 INFO o.a.j.t.JMeterThread: Thread started: Thread Group 1-25
2026-06-10 12:07:54,308 INFO o.a.j.t.JMeterThread: Thread started: Thread Group 1-26
2026-06-10 12:07:54,906 INFO o.a.j.t.JMeterThread: Thread started: Thread Group 1-27
2026-06-10 12:07:55,507 INFO o.a.j.t.JMeterThread: Thread started: Thread Group 1-28
2026-06-10 12:07:56,107 INFO o.a.j.t.JMeterThread: Thread started: Thread Group 1-29
2026-06-10 12:07:56,708 INFO o.a.j.t.JMeterThread: Thread started: Thread Group 1-30
2026-06-10 12:07:57,308 INFO o.a.j.t.JMeterThread: Thread started: Thread Group 1-31
2026-06-10 12:07:57,907 INFO o.a.j.t.JMeterThread: Thread started: Thread Group 1-32
2026-06-10 12:07:58,507 INFO o.a.j.t.JMeterThread: Thread started: Thread Group 1-33
2026-06-10 12:07:59,107 INFO o.a.j.t.JMeterThread: Thread started: Thread Group 1-34
2026-06-10 12:07:59,707 INFO o.a.j.t.JMeterThread: Thread started: Thread Group 1-35
2026-06-10 12:08:00,012 INFO o.a.j.r.Summariser: summary +  23835 in 00:00:21 = 1150.8/s Avg:    15 Min:     1 Max:   295 Err:   126 (0.53%) Active: 35 Started: 35 Finished: 0
2026-06-10 12:08:00,307 INFO o.a.j.t.JMeterThread: Thread started: Thread Group 1-36
2026-06-10 12:08:00,907 INFO o.a.j.t.JMeterThread: Thread started: Thread Group 1-37
2026-06-10 12:08:01,506 INFO o.a.j.t.JMeterThread: Thread started: Thread Group 1-38
2026-06-10 12:08:02,108 INFO o.a.j.t.JMeterThread: Thread started: Thread Group 1-39
2026-06-10 12:08:02,706 INFO o.a.j.t.JMeterThread: Thread started: Thread Group 1-40
2026-06-10 12:08:03,307 INFO o.a.j.t.JMeterThread: Thread started: Thread Group 1-41
2026-06-10 12:08:03,907 INFO o.a.j.t.JMeterThread: Thread started: Thread Group 1-42
2026-06-10 12:08:04,507 INFO o.a.j.t.JMeterThread: Thread started: Thread Group 1-43
2026-06-10 12:08:05,106 INFO o.a.j.t.JMeterThread: Thread started: Thread Group 1-44
2026-06-10 12:08:05,707 INFO o.a.j.t.JMeterThread: Thread started: Thread Group 1-45
2026-06-10 12:08:06,306 INFO o.a.j.t.JMeterThread: Thread started: Thread Group 1-46
2026-06-10 12:08:06,907 INFO o.a.j.t.JMeterThread: Thread started: Thread Group 1-47
2026-06-10 12:08:07,508 INFO o.a.j.t.JMeterThread: Thread started: Thread Group 1-48
2026-06-10 12:08:08,106 INFO o.a.j.t.JMeterThread: Thread started: Thread Group 1-49
2026-06-10 12:08:08,707 INFO o.a.j.t.JMeterThread: Thread started: Thread Group 1-50
2026-06-10 12:08:30,001 INFO o.a.j.r.Summariser: summary +  46124 in 00:00:30 = 1537.7/s Avg:    30 Min:     1 Max:   344 Err:   582 (1.26%) Active: 50 Started: 50 Finished: 0
2026-06-10 12:08:30,001 INFO o.a.j.r.Summariser: summary =  69959 in 00:00:51 = 1379.7/s Avg:    25 Min:     1 Max:   344 Err:   708 (1.01%)
2026-06-10 12:08:39,313 INFO o.a.j.t.JMeterThread: Stopping because end time detected by thread: Thread Group 1-7
2026-06-10 12:08:39,313 INFO o.a.j.t.JMeterThread: Thread finished: Thread Group 1-7
2026-06-10 12:08:39,313 INFO o.a.j.t.JMeterThread: Stopping because end time detected by thread: Thread Group 1-5
2026-06-10 12:08:39,314 INFO o.a.j.t.JMeterThread: Stopping because end time detected by thread: Thread Group 1-6
2026-06-10 12:08:39,314 INFO o.a.j.t.JMeterThread: Thread finished: Thread Group 1-6
2026-06-10 12:08:39,314 INFO o.a.j.t.JMeterThread: Thread finished: Thread Group 1-5
2026-06-10 12:08:39,315 INFO o.a.j.t.JMeterThread: Stopping because end time detected by thread: Thread Group 1-9
2026-06-10 12:08:39,315 INFO o.a.j.t.JMeterThread: Thread finished: Thread Group 1-9
2026-06-10 12:08:39,316 INFO o.a.j.t.JMeterThread: Stopping because end time detected by thread: Thread Group 1-8
2026-06-10 12:08:39,316 INFO o.a.j.t.JMeterThread: Thread finished: Thread Group 1-8
2026-06-10 12:08:39,317 INFO o.a.j.t.JMeterThread: Stopping because end time detected by thread: Thread Group 1-10
2026-06-10 12:08:39,317 INFO o.a.j.t.JMeterThread: Thread finished: Thread Group 1-10
2026-06-10 12:08:39,319 INFO o.a.j.t.JMeterThread: Stopping because end time detected by thread: Thread Group 1-1
2026-06-10 12:08:39,319 INFO o.a.j.t.JMeterThread: Thread finished: Thread Group 1-1
2026-06-10 12:08:39,323 INFO o.a.j.t.JMeterThread: Stopping because end time detected by thread: Thread Group 1-4
2026-06-10 12:08:39,323 INFO o.a.j.t.JMeterThread: Stopping because end time detected by thread: Thread Group 1-14
2026-06-10 12:08:39,323 INFO o.a.j.t.JMeterThread: Thread finished: Thread Group 1-4
2026-06-10 12:08:39,323 INFO o.a.j.t.JMeterThread: Thread finished: Thread Group 1-14
2026-06-10 12:08:39,324 INFO o.a.j.t.JMeterThread: Stopping because end time detected by thread: Thread Group 1-12
2026-06-10 12:08:39,324 INFO o.a.j.t.JMeterThread: Thread finished: Thread Group 1-12
2026-06-10 12:08:39,326 INFO o.a.j.t.JMeterThread: Stopping because end time detected by thread: Thread Group 1-11
2026-06-10 12:08:39,326 INFO o.a.j.t.JMeterThread: Stopping because end time detected by thread: Thread Group 1-15
2026-06-10 12:08:39,326 INFO o.a.j.t.JMeterThread: Stopping because end time detected by thread: Thread Group 1-22
2026-06-10 12:08:39,326 INFO o.a.j.t.JMeterThread: Thread finished: Thread Group 1-22
2026-06-10 12:08:39,326 INFO o.a.j.t.JMeterThread: Thread finished: Thread Group 1-11
2026-06-10 12:08:39,327 INFO o.a.j.t.JMeterThread: Stopping because end time detected by thread: Thread Group 1-23
2026-06-10 12:08:39,327 INFO o.a.j.t.JMeterThread: Thread finished: Thread Group 1-23
2026-06-10 12:08:39,327 INFO o.a.j.t.JMeterThread: Thread finished: Thread Group 1-15
2026-06-10 12:08:39,330 INFO o.a.j.t.JMeterThread: Stopping because end time detected by thread: Thread Group 1-18
2026-06-10 12:08:39,330 INFO o.a.j.t.JMeterThread: Thread finished: Thread Group 1-18
2026-06-10 12:08:39,330 INFO o.a.j.t.JMeterThread: Stopping because end time detected by thread: Thread Group 1-19
2026-06-10 12:08:39,330 INFO o.a.j.t.JMeterThread: Thread finished: Thread Group 1-19
2026-06-10 12:08:39,331 INFO o.a.j.t.JMeterThread: Stopping because end time detected by thread: Thread Group 1-21
2026-06-10 12:08:39,331 INFO o.a.j.t.JMeterThread: Thread finished: Thread Group 1-21
2026-06-10 12:08:39,334 INFO o.a.j.t.JMeterThread: Stopping because end time detected by thread: Thread Group 1-25
2026-06-10 12:08:39,334 INFO o.a.j.t.JMeterThread: Stopping because end time detected by thread: Thread Group 1-20
2026-06-10 12:08:39,334 INFO o.a.j.t.JMeterThread: Thread finished: Thread Group 1-25
2026-06-10 12:08:39,334 INFO o.a.j.t.JMeterThread: Stopping because end time detected by thread: Thread Group 1-30
2026-06-10 12:08:39,334 INFO o.a.j.t.JMeterThread: Thread finished: Thread Group 1-30
2026-06-10 12:08:39,334 INFO o.a.j.t.JMeterThread: Thread finished: Thread Group 1-20
2026-06-10 12:08:39,335 INFO o.a.j.t.JMeterThread: Stopping because end time detected by thread: Thread Group 1-38
2026-06-10 12:08:39,336 INFO o.a.j.t.JMeterThread: Thread finished: Thread Group 1-38
2026-06-10 12:08:39,337 INFO o.a.j.t.JMeterThread: Stopping because end time detected by thread: Thread Group 1-42
2026-06-10 12:08:39,337 INFO o.a.j.t.JMeterThread: Thread finished: Thread Group 1-42
2026-06-10 12:08:39,337 INFO o.a.j.t.JMeterThread: Stopping because end time detected by thread: Thread Group 1-16
2026-06-10 12:08:39,337 INFO o.a.j.t.JMeterThread: Stopping because end time detected by thread: Thread Group 1-2
2026-06-10 12:08:39,337 INFO o.a.j.t.JMeterThread: Thread finished: Thread Group 1-2
2026-06-10 12:08:39,338 INFO o.a.j.t.JMeterThread: Thread finished: Thread Group 1-16
2026-06-10 12:08:39,337 INFO o.a.j.t.JMeterThread: Stopping because end time detected by thread: Thread Group 1-36
2026-06-10 12:08:39,338 INFO o.a.j.t.JMeterThread: Thread finished: Thread Group 1-36
2026-06-10 12:08:39,338 INFO o.a.j.t.JMeterThread: Stopping because end time detected by thread: Thread Group 1-34
2026-06-10 12:08:39,338 INFO o.a.j.t.JMeterThread: Stopping because end time detected by thread: Thread Group 1-44
2026-06-10 12:08:39,338 INFO o.a.j.t.JMeterThread: Thread finished: Thread Group 1-44
2026-06-10 12:08:39,339 INFO o.a.j.t.JMeterThread: Stopping because end time detected by thread: Thread Group 1-50
2026-06-10 12:08:39,339 INFO o.a.j.t.JMeterThread: Thread finished: Thread Group 1-50
2026-06-10 12:08:39,339 INFO o.a.j.t.JMeterThread: Thread finished: Thread Group 1-34
2026-06-10 12:08:39,341 INFO o.a.j.t.JMeterThread: Stopping because end time detected by thread: Thread Group 1-17
2026-06-10 12:08:39,342 INFO o.a.j.t.JMeterThread: Thread finished: Thread Group 1-17
2026-06-10 12:08:39,342 INFO o.a.j.t.JMeterThread: Stopping because end time detected by thread: Thread Group 1-3
2026-06-10 12:08:39,342 INFO o.a.j.t.JMeterThread: Stopping because end time detected by thread: Thread Group 1-47
2026-06-10 12:08:39,342 INFO o.a.j.t.JMeterThread: Thread finished: Thread Group 1-47
2026-06-10 12:08:39,342 INFO o.a.j.t.JMeterThread: Stopping because end time detected by thread: Thread Group 1-13
2026-06-10 12:08:39,342 INFO o.a.j.t.JMeterThread: Thread finished: Thread Group 1-13
2026-06-10 12:08:39,342 INFO o.a.j.t.JMeterThread: Stopping because end time detected by thread: Thread Group 1-41
2026-06-10 12:08:39,342 INFO o.a.j.t.JMeterThread: Thread finished: Thread Group 1-41
2026-06-10 12:08:39,342 INFO o.a.j.t.JMeterThread: Thread finished: Thread Group 1-3
2026-06-10 12:08:39,343 INFO o.a.j.t.JMeterThread: Stopping because end time detected by thread: Thread Group 1-35
2026-06-10 12:08:39,343 INFO o.a.j.t.JMeterThread: Thread finished: Thread Group 1-35
2026-06-10 12:08:39,346 INFO o.a.j.t.JMeterThread: Stopping because end time detected by thread: Thread Group 1-33
2026-06-10 12:08:39,346 INFO o.a.j.t.JMeterThread: Stopping because end time detected by thread: Thread Group 1-26
2026-06-10 12:08:39,346 INFO o.a.j.t.JMeterThread: Thread finished: Thread Group 1-33
2026-06-10 12:08:39,346 INFO o.a.j.t.JMeterThread: Thread finished: Thread Group 1-26
2026-06-10 12:08:39,346 INFO o.a.j.t.JMeterThread: Stopping because end time detected by thread: Thread Group 1-29
2026-06-10 12:08:39,346 INFO o.a.j.t.JMeterThread: Thread finished: Thread Group 1-29
2026-06-10 12:08:39,347 INFO o.a.j.t.JMeterThread: Stopping because end time detected by thread: Thread Group 1-37
2026-06-10 12:08:39,347 INFO o.a.j.t.JMeterThread: Stopping because end time detected by thread: Thread Group 1-43
2026-06-10 12:08:39,347 INFO o.a.j.t.JMeterThread: Thread finished: Thread Group 1-37
2026-06-10 12:08:39,347 INFO o.a.j.t.JMeterThread: Thread finished: Thread Group 1-43
2026-06-10 12:08:39,348 INFO o.a.j.t.JMeterThread: Stopping because end time detected by thread: Thread Group 1-27
2026-06-10 12:08:39,348 INFO o.a.j.t.JMeterThread: Thread finished: Thread Group 1-27
2026-06-10 12:08:39,348 INFO o.a.j.t.JMeterThread: Stopping because end time detected by thread: Thread Group 1-31
2026-06-10 12:08:39,348 INFO o.a.j.t.JMeterThread: Thread finished: Thread Group 1-31
2026-06-10 12:08:39,348 INFO o.a.j.t.JMeterThread: Stopping because end time detected by thread: Thread Group 1-48
2026-06-10 12:08:39,348 INFO o.a.j.t.JMeterThread: Thread finished: Thread Group 1-48
2026-06-10 12:08:39,348 INFO o.a.j.t.JMeterThread: Stopping because end time detected by thread: Thread Group 1-24
2026-06-10 12:08:39,348 INFO o.a.j.t.JMeterThread: Stopping because end time detected by thread: Thread Group 1-28
2026-06-10 12:08:39,349 INFO o.a.j.t.JMeterThread: Thread finished: Thread Group 1-24
2026-06-10 12:08:39,349 INFO o.a.j.t.JMeterThread: Thread finished: Thread Group 1-28
2026-06-10 12:08:39,350 INFO o.a.j.t.JMeterThread: Stopping because end time detected by thread: Thread Group 1-49
2026-06-10 12:08:39,350 INFO o.a.j.t.JMeterThread: Thread finished: Thread Group 1-49
2026-06-10 12:08:39,350 INFO o.a.j.t.JMeterThread: Stopping because end time detected by thread: Thread Group 1-39
2026-06-10 12:08:39,350 INFO o.a.j.t.JMeterThread: Thread finished: Thread Group 1-39
2026-06-10 12:08:39,352 INFO o.a.j.t.JMeterThread: Stopping because end time detected by thread: Thread Group 1-45
2026-06-10 12:08:39,352 INFO o.a.j.t.JMeterThread: Stopping because end time detected by thread: Thread Group 1-32
2026-06-10 12:08:39,352 INFO o.a.j.t.JMeterThread: Thread finished: Thread Group 1-45
2026-06-10 12:08:39,352 INFO o.a.j.t.JMeterThread: Thread finished: Thread Group 1-32
2026-06-10 12:08:39,352 INFO o.a.j.t.JMeterThread: Stopping because end time detected by thread: Thread Group 1-40
2026-06-10 12:08:39,352 INFO o.a.j.t.JMeterThread: Thread finished: Thread Group 1-40
2026-06-10 12:08:39,353 INFO o.a.j.t.JMeterThread: Stopping because end time detected by thread: Thread Group 1-46
2026-06-10 12:08:39,353 INFO o.a.j.t.JMeterThread: Thread finished: Thread Group 1-46
2026-06-10 12:08:39,354 INFO o.a.j.e.StandardJMeterEngine: Notifying test listeners of end of test
2026-06-10 12:08:39,355 INFO o.a.j.r.Summariser: summary +  16999 in 00:00:09 = 1817.1/s Avg:    27 Min:     1 Max:   243 Err:   262 (1.54%) Active: 0 Started: 50 Finished: 50
2026-06-10 12:08:39,355 INFO o.a.j.r.Summariser: summary =  86958 in 00:01:00 = 1447.8/s Avg:    25 Min:     1 Max:   344 Err:   970 (1.12%)
2026-06-10 12:08:39,356 INFO o.a.j.JMeter: Generating Dashboard
2026-06-10 12:08:39,356 INFO o.a.j.r.d.ReportGenerator: Flushing result collector before report Generation
2026-06-10 12:08:39,363 WARN o.a.j.s.CSVSaveService: Unknown column name 1781082459383
2026-06-10 12:08:39,365 WARN o.a.j.r.c.CsvSampleReader: File '/home/nikita/MyProjects/MGTU/Sattelites/LoadTests/results.jtl' does not contain the field names header, ensure the jmeter.save.saveservice.* properties are the same as when the CSV file was created or the file may be read incorrectly when generating report
2026-06-10 12:08:39,369 INFO o.a.j.r.p.NormalizerSampleConsumer: Using format, 'ms', to parse timeStamp field
2026-06-10 12:08:40,572 INFO o.a.j.r.p.AbstractSampleConsumer: class org.apache.jmeter.report.processor.AggregateConsumer#stopProducing(): beginDate produced 0 samples
2026-06-10 12:08:40,573 INFO o.a.j.r.p.AbstractSampleConsumer: class org.apache.jmeter.report.processor.AggregateConsumer#stopProducing(): endDate produced 0 samples
2026-06-10 12:08:40,574 INFO o.a.j.r.p.AbstractSampleConsumer: class org.apache.jmeter.report.processor.ApdexSummaryConsumer#stopProducing(): apdexSummary produced 0 samples
2026-06-10 12:08:40,575 INFO o.a.j.r.p.AbstractSampleConsumer: class org.apache.jmeter.report.processor.RequestsSummaryConsumer#stopProducing(): requestsSummary produced 0 samples
2026-06-10 12:08:40,591 INFO o.a.j.r.p.AbstractSampleConsumer: class org.apache.jmeter.report.processor.StatisticsSummaryConsumer#stopProducing(): statisticsSummary produced 0 samples
2026-06-10 12:08:40,594 INFO o.a.j.r.p.AbstractSampleConsumer: class org.apache.jmeter.report.processor.Top5ErrorsBySamplerConsumer#stopProducing(): top5ErrorsBySampler produced 0 samples
2026-06-10 12:08:40,594 INFO o.a.j.r.p.AbstractSampleConsumer: class org.apache.jmeter.report.processor.ErrorsSummaryConsumer#stopProducing(): errorsSummary produced 0 samples
2026-06-10 12:08:40,594 INFO o.a.j.r.p.AbstractSampleConsumer: class org.apache.jmeter.report.processor.graph.impl.HitsPerSecondGraphConsumer#stopProducing(): hitsPerSecond produced 0 samples
2026-06-10 12:08:41,070 INFO o.a.j.r.p.AbstractSampleConsumer: class org.apache.jmeter.report.processor.graph.impl.LatencyVSRequestGraphConsumer#stopProducing(): latencyVsRequest produced 0 samples
2026-06-10 12:08:41,073 INFO o.a.j.r.p.AbstractSampleConsumer: class org.apache.jmeter.report.processor.graph.impl.SyntheticResponseTimeDistributionGraphConsumer#stopProducing(): syntheticResponseTimeDistribution produced 0 samples
2026-06-10 12:08:41,074 INFO o.a.j.r.p.AbstractSampleConsumer: class org.apache.jmeter.report.processor.graph.impl.BytesThroughputGraphConsumer#stopProducing(): bytesThroughputOverTime produced 0 samples
2026-06-10 12:08:41,074 INFO o.a.j.r.p.AbstractSampleConsumer: class org.apache.jmeter.report.processor.graph.impl.CodesPerSecondGraphConsumer#stopProducing(): codesPerSecond produced 0 samples
2026-06-10 12:08:41,477 INFO o.a.j.r.p.AbstractSampleConsumer: class org.apache.jmeter.report.processor.graph.impl.ResponseTimeVSRequestGraphConsumer#stopProducing(): responseTimeVsRequest produced 0 samples
2026-06-10 12:08:41,479 INFO o.a.j.r.p.AbstractSampleConsumer: class org.apache.jmeter.report.processor.FilterConsumer#stopProducing(): startIntervalControlerFilter produced 608699 samples
2026-06-10 12:08:41,479 INFO o.a.j.r.p.AbstractSampleConsumer: class org.apache.jmeter.report.processor.graph.impl.TotalTPSGraphConsumer#stopProducing(): totalTPS produced 0 samples
2026-06-10 12:08:41,479 INFO o.a.j.r.p.AbstractSampleConsumer: class org.apache.jmeter.report.processor.graph.impl.ActiveThreadsGraphConsumer#stopProducing(): activeThreadsOverTime produced 0 samples
2026-06-10 12:08:41,479 INFO o.a.j.r.p.AbstractSampleConsumer: class org.apache.jmeter.report.processor.graph.impl.TimeVSThreadGraphConsumer#stopProducing(): timeVsThreads produced 0 samples
2026-06-10 12:08:41,479 INFO o.a.j.r.p.AbstractSampleConsumer: class org.apache.jmeter.report.processor.graph.impl.ResponseTimeDistributionGraphConsumer#stopProducing(): responseTimeDistribution produced 0 samples
2026-06-10 12:08:41,480 INFO o.a.j.r.p.AbstractSampleConsumer: class org.apache.jmeter.report.processor.graph.impl.TransactionsPerSecondGraphConsumer#stopProducing(): transactionsPerSecond produced 0 samples
2026-06-10 12:08:41,480 INFO o.a.j.r.p.AbstractSampleConsumer: class org.apache.jmeter.report.processor.graph.impl.ResponseTimePercentilesGraphConsumer#stopProducing(): responseTimePercentiles produced 0 samples
2026-06-10 12:08:41,482 INFO o.a.j.r.p.AbstractSampleConsumer: class org.apache.jmeter.report.processor.graph.impl.ResponseTimePercentilesOverTimeGraphConsumer#stopProducing(): responseTimePercentilesOverTime produced 0 samples
2026-06-10 12:08:41,484 INFO o.a.j.r.p.AbstractSampleConsumer: class org.apache.jmeter.report.processor.graph.impl.ResponseTimeOverTimeGraphConsumer#stopProducing(): responseTimesOverTime produced 0 samples
2026-06-10 12:08:41,484 INFO o.a.j.r.p.AbstractSampleConsumer: class org.apache.jmeter.report.processor.graph.impl.ConnectTimeOverTimeGraphConsumer#stopProducing(): connectTimeOverTime produced 0 samples
2026-06-10 12:08:41,484 INFO o.a.j.r.p.AbstractSampleConsumer: class org.apache.jmeter.report.processor.graph.impl.LatencyOverTimeGraphConsumer#stopProducing(): latenciesOverTime produced 0 samples
2026-06-10 12:08:41,484 INFO o.a.j.r.p.AbstractSampleConsumer: class org.apache.jmeter.report.processor.FilterConsumer#stopProducing(): nameFilter produced 1490310 samples
2026-06-10 12:08:41,484 INFO o.a.j.r.p.AbstractSampleConsumer: class org.apache.jmeter.report.processor.FilterConsumer#stopProducing(): dateRangeFilter produced 298062 samples
2026-06-10 12:08:41,484 INFO o.a.j.r.p.AbstractSampleConsumer: class org.apache.jmeter.report.processor.NormalizerSampleConsumer#stopProducing(): normalizer produced 99354 samples
2026-06-10 12:08:41,484 INFO o.a.j.r.p.CsvFileSampleSource: produce(): 99354 samples produced in 2s 94 ms on channel 0
2026-06-10 12:08:41,484 INFO o.a.j.r.d.ReportGenerator: Exporting data using exporter:'json' of className:'org.apache.jmeter.report.dashboard.JsonExporter'
2026-06-10 12:08:41,553 INFO o.a.j.r.d.JsonExporter: Found data for consumer statisticsSummary in context
2026-06-10 12:08:41,553 INFO o.a.j.r.d.JsonExporter: Creating statistics for overall
2026-06-10 12:08:41,554 INFO o.a.j.r.d.JsonExporter: Creating statistics for other transactions
2026-06-10 12:08:41,554 INFO o.a.j.r.d.JsonExporter: Checking output folder
2026-06-10 12:08:41,554 INFO o.a.j.r.d.JsonExporter: Writing statistics JSON to /home/nikita/MyProjects/MGTU/Sattelites/LoadTests/jmeter-report/statistics.json
2026-06-10 12:08:41,581 INFO o.a.j.r.d.ReportGenerator: Exporting data using exporter:'html' of className:'org.apache.jmeter.report.dashboard.HtmlTemplateExporter'
2026-06-10 12:08:41,583 INFO o.a.j.r.d.HtmlTemplateExporter: Will generate dashboard in folder: /home/nikita/MyProjects/MGTU/Sattelites/LoadTests/jmeter-report
2026-06-10 12:08:41,768 INFO o.a.j.r.d.HtmlTemplateExporter: Report will be generated in: /home/nikita/MyProjects/MGTU/Sattelites/LoadTests/jmeter-report, creating folder structure
2026-06-10 12:08:41,771 INFO o.a.j.r.d.TemplateVisitor: Copying folder from '/opt/jmeter/bin/report-template' to '/home/nikita/MyProjects/MGTU/Sattelites/LoadTests/jmeter-report', got message: /home/nikita/MyProjects/MGTU/Sattelites/LoadTests/jmeter-report, found non empty folder with following content [/home/nikita/MyProjects/MGTU/Sattelites/LoadTests/jmeter-report/statistics.json], will be ignored
2026-06-10 12:08:41,916 INFO o.a.j.JMeter: Dashboard generated
